diags = 
diags = 
_atom_site_attached_hydrogens
_atom_site_attached_hydrogens
