Table TABLE1
Table TABLE2
Table TABLE3
Table TABLE4
Table TABLE5
Table TABLE6
Table TABLE7
Table TABLE8
Table TABLE9

Table TABLE9  Columns: 10  Rows: 100

RowNo  Column-0   Column-1   Column-2   Column-3   Column-4   Column-5   Column-6   Column-7   Column-8   Column-9 
    0   Updated    Updated    Updated    Updated    Updated    Updated    Updated    Updated    Updated    Updated 
    1   Updated    Updated    Updated    Updated    Updated    Updated    Updated    Updated    Updated    Updated 
    2   Updated    Updated    Updated    Updated    Updated    Updated    Updated    Updated    Updated    Updated 
    3   Updated    Updated    Updated    Updated    Updated    Updated    Updated    Updated    Updated    Updated 
    4   Updated    Updated    Updated    Updated    Updated    Updated    Updated    Updated    Updated    Updated 
    5   Updated    Updated    Updated    Updated    Updated    Updated    Updated    Updated    Updated    Updated 
    6   Updated    Updated    Updated    Updated    Updated    Updated    Updated    Updated    Updated    Updated 
    7   Updated    Updated    Updated    Updated    Updated    Updated    Updated    Updated    Updated    Updated 
    8   Updated    Updated    Updated    Updated    Updated    Updated    Updated    Updated    Updated    Updated 
    9   Updated    Updated    Updated    Updated    Updated    Updated    Updated    Updated    Updated    Updated 
   10   Updated    Updated    Updated    Updated    Updated    Updated    Updated    Updated    Updated    Updated 
   11   Updated    Updated    Updated    Updated    Updated    Updated    Updated    Updated    Updated    Updated 
   12   Updated    Updated    Updated    Updated    Updated    Updated    Updated    Updated    Updated    Updated 
   13   Updated    Updated    Updated    Updated    Updated    Updated    Updated    Updated    Updated    Updated 
   14   Updated    Updated    Updated    Updated    Updated    Updated    Updated    Updated    Updated    Updated 
   15   Updated    Updated    Updated    Updated    Updated    Updated    Updated    Updated    Updated    Updated 
   16   Updated    Updated    Updated    Updated    Updated    Updated    Updated    Updated    Updated    Updated 
   17   Updated    Updated    Updated    Updated    Updated    Updated    Updated    Updated    Updated    Updated 
   18   Updated    Updated    Updated    Updated    Updated    Updated    Updated    Updated    Updated    Updated 
   19   Updated    Updated    Updated    Updated    Updated    Updated    Updated    Updated    Updated    Updated 
   20   Updated    Updated    Updated    Updated    Updated    Updated    Updated    Updated    Updated    Updated 
   21   Updated    Updated    Updated    Updated    Updated    Updated    Updated    Updated    Updated    Updated 
   22   Updated    Updated    Updated    Updated    Updated    Updated    Updated    Updated    Updated    Updated 
   23   Updated    Updated    Updated    Updated    Updated    Updated    Updated    Updated    Updated    Updated 
   24   Updated    Updated    Updated    Updated    Updated    Updated    Updated    Updated    Updated    Updated 
   25   Updated    Updated    Updated    Updated    Updated    Updated    Updated    Updated    Updated    Updated 
   26   Updated    Updated    Updated    Updated    Updated    Updated    Updated    Updated    Updated    Updated 
   27   Updated    Updated    Updated    Updated    Updated    Updated    Updated    Updated    Updated    Updated 
   28   Updated    Updated    Updated    Updated    Updated    Updated    Updated    Updated    Updated    Updated 
   29   Updated    Updated    Updated    Updated    Updated    Updated    Updated    Updated    Updated    Updated 
   30   Updated    Updated    Updated    Updated    Updated    Updated    Updated    Updated    Updated    Updated 
   31   Updated    Updated    Updated    Updated    Updated    Updated    Updated    Updated    Updated    Updated 
   32   Updated    Updated    Updated    Updated    Updated    Updated    Updated    Updated    Updated    Updated 
   33   Updated    Updated    Updated    Updated    Updated    Updated    Updated    Updated    Updated    Updated 
   34   Updated    Updated    Updated    Updated    Updated    Updated    Updated    Updated    Updated    Updated 
   35   Updated    Updated    Updated    Updated    Updated    Updated    Updated    Updated    Updated    Updated 
   36   Updated    Updated    Updated    Updated    Updated    Updated    Updated    Updated    Updated    Updated 
   37   Updated    Updated    Updated    Updated    Updated    Updated    Updated    Updated    Updated    Updated 
   38   Updated    Updated    Updated    Updated    Updated    Updated    Updated    Updated    Updated    Updated 
   39   Updated    Updated    Updated    Updated    Updated    Updated    Updated    Updated    Updated    Updated 
   40   Updated    Updated    Updated    Updated    Updated    Updated    Updated    Updated    Updated    Updated 
   41   Updated    Updated    Updated    Updated    Updated    Updated    Updated    Updated    Updated    Updated 
   42   Updated    Updated    Updated    Updated    Updated    Updated    Updated    Updated    Updated    Updated 
   43   Updated    Updated    Updated    Updated    Updated    Updated    Updated    Updated    Updated    Updated 
   44   Updated    Updated    Updated    Updated    Updated    Updated    Updated    Updated    Updated    Updated 
   45   Updated    Updated    Updated    Updated    Updated    Updated    Updated    Updated    Updated    Updated 
   46   Updated    Updated    Updated    Updated    Updated    Updated    Updated    Updated    Updated    Updated 
   47   Updated    Updated    Updated    Updated    Updated    Updated    Updated    Updated    Updated    Updated 
   48   Updated    Updated    Updated    Updated    Updated    Updated    Updated    Updated    Updated    Updated 
   49   Updated    Updated    Updated    Updated    Updated    Updated    Updated    Updated    Updated    Updated 
   50   Updated    Updated    Updated    Updated    Updated    Updated    Updated    Updated    Updated    Updated 
   51   Updated    Updated    Updated    Updated    Updated    Updated    Updated    Updated    Updated    Updated 
   52   Updated    Updated    Updated    Updated    Updated    Updated    Updated    Updated    Updated    Updated 
   53   Updated    Updated    Updated    Updated    Updated    Updated    Updated    Updated    Updated    Updated 
   54   Updated    Updated    Updated    Updated    Updated    Updated    Updated    Updated    Updated    Updated 
   55   Updated    Updated    Updated    Updated    Updated    Updated    Updated    Updated    Updated    Updated 
   56   Updated    Updated    Updated    Updated    Updated    Updated    Updated    Updated    Updated    Updated 
   57   Updated    Updated    Updated    Updated    Updated    Updated    Updated    Updated    Updated    Updated 
   58   Updated    Updated    Updated    Updated    Updated    Updated    Updated    Updated    Updated    Updated 
   59   Updated    Updated    Updated    Updated    Updated    Updated    Updated    Updated    Updated    Updated 
   60   Updated    Updated    Updated    Updated    Updated    Updated    Updated    Updated    Updated    Updated 
   61   Updated    Updated    Updated    Updated    Updated    Updated    Updated    Updated    Updated    Updated 
   62   Updated    Updated    Updated    Updated    Updated    Updated    Updated    Updated    Updated    Updated 
   63   Updated    Updated    Updated    Updated    Updated    Updated    Updated    Updated    Updated    Updated 
   64   Updated    Updated    Updated    Updated    Updated    Updated    Updated    Updated    Updated    Updated 
   65   Updated    Updated    Updated    Updated    Updated    Updated    Updated    Updated    Updated    Updated 
   66   Updated    Updated    Updated    Updated    Updated    Updated    Updated    Updated    Updated    Updated 
   67   Updated    Updated    Updated    Updated    Updated    Updated    Updated    Updated    Updated    Updated 
   68   Updated    Updated    Updated    Updated    Updated    Updated    Updated    Updated    Updated    Updated 
   69   Updated    Updated    Updated    Updated    Updated    Updated    Updated    Updated    Updated    Updated 
   70   Updated    Updated    Updated    Updated    Updated    Updated    Updated    Updated    Updated    Updated 
   71   Updated    Updated    Updated    Updated    Updated    Updated    Updated    Updated    Updated    Updated 
   72   Updated    Updated    Updated    Updated    Updated    Updated    Updated    Updated    Updated    Updated 
   73   Updated    Updated    Updated    Updated    Updated    Updated    Updated    Updated    Updated    Updated 
   74   Updated    Updated    Updated    Updated    Updated    Updated    Updated    Updated    Updated    Updated 
   75   Updated    Updated    Updated    Updated    Updated    Updated    Updated    Updated    Updated    Updated 
   76   Updated    Updated    Updated    Updated    Updated    Updated    Updated    Updated    Updated    Updated 
   77   Updated    Updated    Updated    Updated    Updated    Updated    Updated    Updated    Updated    Updated 
   78   Updated    Updated    Updated    Updated    Updated    Updated    Updated    Updated    Updated    Updated 
   79   Updated    Updated    Updated    Updated    Updated    Updated    Updated    Updated    Updated    Updated 
   80   Updated    Updated    Updated    Updated    Updated    Updated    Updated    Updated    Updated    Updated 
   81   Updated    Updated    Updated    Updated    Updated    Updated    Updated    Updated    Updated    Updated 
   82   Updated    Updated    Updated    Updated    Updated    Updated    Updated    Updated    Updated    Updated 
   83   Updated    Updated    Updated    Updated    Updated    Updated    Updated    Updated    Updated    Updated 
   84   Updated    Updated    Updated    Updated    Updated    Updated    Updated    Updated    Updated    Updated 
   85   Updated    Updated    Updated    Updated    Updated    Updated    Updated    Updated    Updated    Updated 
   86   Updated    Updated    Updated    Updated    Updated    Updated    Updated    Updated    Updated    Updated 
   87   Updated    Updated    Updated    Updated    Updated    Updated    Updated    Updated    Updated    Updated 
   88   Updated    Updated    Updated    Updated    Updated    Updated    Updated    Updated    Updated    Updated 
   89   Updated    Updated    Updated    Updated    Updated    Updated    Updated    Updated    Updated    Updated 
   90   Updated    Updated    Updated    Updated    Updated    Updated    Updated    Updated    Updated    Updated 
   91   Updated    Updated    Updated    Updated    Updated    Updated    Updated    Updated    Updated    Updated 
   92   Updated    Updated    Updated    Updated    Updated    Updated    Updated    Updated    Updated    Updated 
   93   Updated    Updated    Updated    Updated    Updated    Updated    Updated    Updated    Updated    Updated 
   94   Updated    Updated    Updated    Updated    Updated    Updated    Updated    Updated    Updated    Updated 
   95   Updated    Updated    Updated    Updated    Updated    Updated    Updated    Updated    Updated    Updated 
   96   Updated    Updated    Updated    Updated    Updated    Updated    Updated    Updated    Updated    Updated 
   97   Updated    Updated    Updated    Updated    Updated    Updated    Updated    Updated    Updated    Updated 
   98   Updated    Updated    Updated    Updated    Updated    Updated    Updated    Updated    Updated    Updated 
   99   Updated    Updated    Updated    Updated    Updated    Updated    Updated    Updated    Updated    Updated 
