--------------------STARTING CYCLE 0
--------------------AFTER READ ON CYCLE 0
Table name is cell
_cell.entry_id
_cell.length_a
_cell.length_b
_cell.length_c
_cell.angle_alpha
_cell.angle_beta
_cell.angle_gamma
--------------------AFTER WRITE ON CYCLE 0
Table name is cell
_cell.entry_id
_cell.length_a
_cell.length_b
_cell.length_c
_cell.angle_alpha
_cell.angle_beta
_cell.angle_gamma
--------------------STARTING CYCLE 1
--------------------AFTER READ ON CYCLE 1
Table name is cell
_cell.entry_id
_cell.length_a
_cell.length_b
_cell.length_c
_cell.angle_alpha
_cell.angle_beta
_cell.angle_gamma
--------------------AFTER WRITE ON CYCLE 1
Table name is cell
_cell.entry_id
_cell.length_a
_cell.length_b
_cell.length_c
_cell.angle_alpha
_cell.angle_beta
_cell.angle_gamma
--------------------STARTING CYCLE 2
--------------------AFTER READ ON CYCLE 2
Table name is cell
_cell.entry_id
_cell.length_a
_cell.length_b
_cell.length_c
_cell.angle_alpha
_cell.angle_beta
_cell.angle_gamma
--------------------AFTER WRITE ON CYCLE 2
Table name is cell
_cell.entry_id
_cell.length_a
_cell.length_b
_cell.length_c
_cell.angle_alpha
_cell.angle_beta
_cell.angle_gamma
--------------------STARTING CYCLE 3
--------------------AFTER READ ON CYCLE 3
Table name is cell
_cell.entry_id
_cell.length_a
_cell.length_b
_cell.length_c
_cell.angle_alpha
_cell.angle_beta
_cell.angle_gamma
--------------------AFTER WRITE ON CYCLE 3
Table name is cell
_cell.entry_id
_cell.length_a
_cell.length_b
_cell.length_c
_cell.angle_alpha
_cell.angle_beta
_cell.angle_gamma
--------------------STARTING CYCLE 4
--------------------AFTER READ ON CYCLE 4
Table name is cell
_cell.entry_id
_cell.length_a
_cell.length_b
_cell.length_c
_cell.angle_alpha
_cell.angle_beta
_cell.angle_gamma
--------------------AFTER WRITE ON CYCLE 4
Table name is cell
_cell.entry_id
_cell.length_a
_cell.length_b
_cell.length_c
_cell.angle_alpha
_cell.angle_beta
_cell.angle_gamma
--------------------STARTING CYCLE 5
--------------------AFTER READ ON CYCLE 5
Table name is cell
_cell.entry_id
_cell.length_a
_cell.length_b
_cell.length_c
_cell.angle_alpha
_cell.angle_beta
_cell.angle_gamma
--------------------AFTER WRITE ON CYCLE 5
Table name is cell
_cell.entry_id
_cell.length_a
_cell.length_b
_cell.length_c
_cell.angle_alpha
_cell.angle_beta
_cell.angle_gamma
--------------------STARTING CYCLE 6
--------------------AFTER READ ON CYCLE 6
Table name is cell
_cell.entry_id
_cell.length_a
_cell.length_b
_cell.length_c
_cell.angle_alpha
_cell.angle_beta
_cell.angle_gamma
--------------------AFTER WRITE ON CYCLE 6
Table name is cell
_cell.entry_id
_cell.length_a
_cell.length_b
_cell.length_c
_cell.angle_alpha
_cell.angle_beta
_cell.angle_gamma
--------------------STARTING CYCLE 7
--------------------AFTER READ ON CYCLE 7
Table name is cell
_cell.entry_id
_cell.length_a
_cell.length_b
_cell.length_c
_cell.angle_alpha
_cell.angle_beta
_cell.angle_gamma
--------------------AFTER WRITE ON CYCLE 7
Table name is cell
_cell.entry_id
_cell.length_a
_cell.length_b
_cell.length_c
_cell.angle_alpha
_cell.angle_beta
_cell.angle_gamma
--------------------STARTING CYCLE 8
--------------------AFTER READ ON CYCLE 8
Table name is cell
_cell.entry_id
_cell.length_a
_cell.length_b
_cell.length_c
_cell.angle_alpha
_cell.angle_beta
_cell.angle_gamma
--------------------AFTER WRITE ON CYCLE 8
Table name is cell
_cell.entry_id
_cell.length_a
_cell.length_b
_cell.length_c
_cell.angle_alpha
_cell.angle_beta
_cell.angle_gamma
--------------------STARTING CYCLE 9
--------------------AFTER READ ON CYCLE 9
Table name is cell
_cell.entry_id
_cell.length_a
_cell.length_b
_cell.length_c
_cell.angle_alpha
_cell.angle_beta
_cell.angle_gamma
--------------------AFTER WRITE ON CYCLE 9
Table name is cell
_cell.entry_id
_cell.length_a
_cell.length_b
_cell.length_c
_cell.angle_alpha
_cell.angle_beta
_cell.angle_gamma
