 Diagnostics [105] ERROR - Number of data values is not exact multiples of the number of data names   (look above line 106)

2

Table category0  Columns: 2  Rows: 3

RowNo     item1      item2 
    0        aa         bb 
    1        cc         dd 
    2        ee         dd 
2
